0.0.0.0
178.63.66.81
192.168.0.21
192.168.0.29
192.168.0.57
37signals.com
46.4.23.6
5.9.66.82
80000hours.org
a16z.com
accounts.google.com
acumen.org
addons.heroku.com
afludiary.blogspot.co.at
airbrake.statuspage.io
alife.co.uk
alistair.cockburn.us
alistapart.com
allthingsd.com
alphapixels.com
angular-ui.github.io
angularjs.org
answers.oreilly.com
apex.oracle.com
api.blippex.org
api.bufferapp.com
api.hashtraffic.com
api.jquery.com
api.mongodb.org
api.rubyonrails.org
api.twitter.com
apidock.com
app.shopify.com
appengine.google.com
appfinder.lisisoft.com
apps.feedhenry.com
aravind.quora.com
archify.atlassian.net
askubuntu.com
asylstrikeberlin.wordpress.com
austurvollur.is
awakeningwomen.com
aws.amazon.com
bababaruch.wordpress.com
bennadel.github.io
bernhardjenny.wordpress.com
betali.st
bgr.com
bhorowitz.com
bitly.com
bits.blogs.nytimes.com
blippex.github.io
blog.amnestyusa.org
blog.angularjs.org
blog.archify.com
blog.backlift.com
blog.cloudfoundry.com
blog.codeclimate.com
blog.feedly.com
blog.jayfields.com
blog.jetbrains.com
blog.mongohq.com
blog.nodejitsu.com
blog.p2pfoundation.net
blog.railyo.com
blog.simplydo.com
blog.slideshare.net
blog.sugarjs.com
blog.wyeworks.com
blog.yasssu.com
blognetz.com
blogs.iq.harvard.edu
blogs.oracle.com
blogs.salesforce.com
boingboing.net
brodnig.org
bufferapp.com
business.time.com
c4ss.org
caolanmcmahon.com
checkout.shopify.com
chrome.google.com
cloud.feedly.com
cloud.sagemath.com
code.google.com
coderberry.me
coding.smashingmagazine.com
coffeescript.org
coffeescriptcookbook.com
community.zeit.de
conceptingsocialmediaconcepts.tumblr.com
confreaks.com
corpus1.aac.ac.at
craig.is
cran.r-project.org
cruisecontrolrb.thoughtworks.com
daha.github.io
dailycaller.com
daker.me
daringfireball.net
dashboard.heroku.com
dasradhaus.at
datasift.com
davidwalsh.name
de.euronews.com
de.wikinews.org
de.wikipedia.org
delicious.com
demo.planetshine.net
derstandard.at
dev.datasift.com
dev.twitter.com
devcenter.heroku.com
developer.mozilla.org
developer.yahoo.com
developers.facebook.com
dict.leo.org
diepresse.com
digitalsirocco.tumblr.com
dip.mak.at
docs.angularjs.org
docs.couchdb.org
docs.fabfile.org
docs.google.com
docs.lucidworks.com
docs.mongodb.org
docs.nodejitsu.com
docs.shopify.com
draft.blogger.com
drive.google.com
duckduckgo.com
dvcs.w3.org
easydigitaldownloads.com
ecolabsblog.wordpress.com
edgeguides.rubyonrails.org
ember101.com
en.wikipedia.org
engineering.socialcast.com
evernote.com
everyonesgoingconscious.blogspot.co.at
expressjs.com
factorbikes.com
feedportal.com
feedspot.com
feuerhaken.org
flightaware.com
friendfeed.com
fruehlingsrolle.googlecode.com
futurezone.at
geekswithblogs.net
gembundler.com
georgiebc.wordpress.com
getpocket.com
gist.github.com
git-scm.com
github.com
gizmodo.com
gleichgewicht.at
googleblog.blogspot.co.at
graph.facebook.com
groupgrader.com
groups.google.com
guide.couchdb.org
guides.rubyonrails.org
hanhaiwen.wordpress.com
hbr.org
heartifb.com
help.github.com
history.google.com
hootsuite.com
howardlindzon.com
html5boilerplate.com
ianmcallistersposts.quora.com
ichmachpolitik.at
ifttt.com
images.businessweek.com
imaginate.redbull.com
indiewebcamp.com
inoreader.com
instagram.com
io9.com
ipython.org
jimhoskins.com
jkfill.com
jqueryui.com
jsfiddle.net
jspkg.com
jungleg.com
kippt.com
klout.com
konigsberg.blogspot.co.at
kurier.at
kz-verband-wien.at
liftconference.com
linksunten.indymedia.org
liquidslider.com
littersf.com
localhost
logicalfriday.com
login.persona.org
maedchenmannschaft.net
maggio-and-sons455.myshopify.com
magpcss.org
mail.google.com
maps.google.com
marakana.com
mariahilfer.blogspot.co.at
marktcheck.greenpeace.at
marshall.useabrand.com
mashable.com
matplotlib.org
medium.com
mentionmapp.com
mitchtech.net
mongodb.github.io
moreintelligentlife.com
moserholding.com
msdn.microsoft.com
mydamnblog.com
mymundus.com
nachrichtenausdemunterbunt.wordpress.com
netzfrauen.org
new-magazine.co.uk
news.cnet.com
news.dartlang.org
news.xinhuanet.com
news.ycombinator.com
newsana.com
nithinbekal.com
no-www.org
nodejs.org
npmjs.org
numfocus.org
oai.dtic.mil
oe1.orf.at
overview.ap.org
paravelinc.com
pedram-shahyar.org
people.apache.org
pipes.yahoo.com
pipes.yqlblog.net
pippinsplugins.com
pivotallabs.com
play.google.com
plnkr.co
plus.google.com
popneuf.wordpress.com
posse.com
postgres.heroku.com
pow.cx
pryrepl.org
psitsmike.com
pub.dartlang.org
public-activity-example.herokuapp.com
pump.io
pure-day-9661.herokuapp.com
quandyfactory.com
r.789695.n4.nabble.com
r20080614.appspot.com
railsapps.github.io
railscasts.com
railslts.com
railsware.com
raw.github.com
reglesdelart.blogspot.co.at
religionv1.orf.at
respect-my-privacy.eu
rhizomorph.wordpress.com
rhizomorphskultur.wordpress.com
ricardo.cc
roarmag.org
robots.thoughtbot.com
rogeraaut.blogspot.co.at
rt.com
rubular.com
ruby-doc.org
rubygems.org
rvm.io
rzblx10.uni-regensburg.de
samuel-warde.com
schreuder.at
scott.a16z.com
searchengineland.com
searchenginewatch.com
sebastianmarshall.com
secure.ogone.com
service.yasssu.com
sharethis.com
shop.deanguitars.com
sideeffect.kr
silkroadprojectblogspot.wordpress.com
simplydo.com
sloan.stanford.edu
snt136.mail.live.com
socket.io
source.mozillaopennews.org
spectrum.ieee.org
sphinxsearch.com
stackoverflow.com
stat.ethz.ch
stockcharts.com
storify.com
sugarjs.com
support.bitly.com
support.rstudio.org
tame.tazaldoo.com
teambox.com
techcrunch.com
technografy.blogspot.co.at
thechangelog.com
thefootballapp.com
thelist.io
themeforest.net
themes.shopify.com
thenextweb.com
thorpix.com
threecrickets.com
till.klampaeckel.de
timreview.ca
topsy.com
totallycoolpix.com
travis-ci.org
try.dartlang.org
tt-rss.org
turkishpolicebrutality.tumblr.com
twazzup.com
twitter.com
twitter.github.io
twitter.theinfo.org
twitterfeed.com
twitterlist.ots.at
ubase.heroku.com
ubuntuasviewedbylogan.wordpress.com
unibrennt.at
useabrand.myshopify.com
variety.com
veganolution.wordpress.com
vertx.io
viewer.opencalais.com
vimeo.com
wakander.blogspot.co.at
wasjournalistenverdienen.tumblr.com
wavii.com
weblog.rubyonrails.org
wien.orf.at
wiki.apache.org
wisdomfromsrisri.quora.com
witoldsz.github.io
wolfhesse.blogspot.co.at
wolfhesse.github.io
wolfhesse.iriscouch.com
wordpress.org
writings.nunojob.com
wvoutpost.com
www.addthis.com
www.alarabiya.net
www.alexa.com
www.alfajango.com
www.amazon.de
www.androiddissected.com
www.archify.com
www.asos.com
www.ats.ucla.edu
www.baeck.at
www.bazian.com
www.bennadel.com
www.bibliotheken.at
www.bild.de
www.bing.com
www.blick.ch
www.blippex.org
www.bloomberg.com
www.bmi.gv.at
www.bradleymanning.org
www.brainpickings.org
www.businessinsider.com
www.bvoe.at
www.cdc.gov
www.computerbase.de
www.conferencealerts.com
www.copyright-alliance.com
www.couchbase.com
www.coursera.org
www.dailymail.co.uk
www.dartlang.org
www.dasrotewien.at
www.datum.at
www.democracynow.org
www.denkwerkstattblog.net
www.der-postillon.com
www.dernaro.at
www.diebresche.org
www.diigo.com
www.documentcloud.org
www.dzone.com
www.ecouterre.com
www.elasticsearch.org
www.epnewshub.eu
www.epochconverter.com
www.ericsson.com
www.erlang.org
www.europarl.europa.eu
www.evernote.com
www.experian.de
www.experianplc.com
www.facebook.com
www.fas.org
www.fastcoexist.com
www.feedly.com
www.ferret-go.com
www.flickr.com
www.focus.de
www.forbes.com
www.forexmarkethours.com
www.foxnews.com
www.freeformatter.com
www.futurebiz.de
www.fxdd.com
www.gat.st
www.geekchoice.com
www.geeksaresexy.net
www.gistboxapp.com
www.globalresearch.ca
www.good.is
www.google.at
www.google.com
www.guardian.co.uk
www.guidgenerator.com
www.hagalil.com
www.handelsblatt.com
www.harding.edu
www.hashtags.org
www.heise.de
www.horizont.at
www.huffingtonpost.com
www.ig-architektur.at
www.imperx.com
www.incrediblecharts.com
www.independent.co.uk
www.informationweek.com
www.investopedia.com
www.irational.org
www.iriscouch.com
www.islaminitiative.at
www.jetbrains.com
www.json.org
www.jungewelt.de
www.kalzumeus.com
www.kickstarter.com
www.kpcb.com
www.krone.at
www.linkedin.com
www.linkswende.org
www.lshift.net
www.lucaongaro.eu
www.manning.com
www.marker.de
www.marketingprofs.com
www.medicalnewstoday.com
www.melty.fr
www.mercurynews.com
www.michaelblank.at
www.monde-diplomatique.de
www.morethanseven.net
www.movie2k.to
www.movieweb.com
www.musikergilde.at
www.myvaporstore.com
www.neon.de
www.newsana.com
www.nganimate.org
www.nhs.uk
www.nitrous.io
www.nodebeginner.org
www.notii.co.kr
www.nowness.com
www.nytimes.com
www.observer.at
www.oe24.at
www.oestig.at
www.ogone.at
www.omegahat.org
www.ooyala.com
www.openbriefing.org
www.opencalais.com
www.openshift.com
www.orange.at
www.ordensgemeinschaften.at
www.ordergroove.com
www.oregonlive.com
www.orhancanceylan.com
www.osmonov.com
www.ots.at
www.pauldix.net
www.pearltrees.com
www.phpied.com
www.postgresql.org
www.pressebox.de
www.profil.at
www.pubnub.com
www.quora.com
www.r-bloggers.com
www.rabbitmq.com
www.rafelsberger.at
www.rcommander.com
www.reddit.com
www.refinery29.com
www.relishapp.com
www.ressler.at
www.reuters.com
www.ritholtz.com
www.rollingstone.com
www.rstudio.com
www.ruby-doc.org
www.ruby-forum.com
www.sail-labs.com
www.salzburg.com
www.schneier.com
www.schwabfound.org
www.scoop.it
www.scribd.com
www.sec-consult.com
www.semantic-web.at
www.shareaholic.com
www.shopify.com
www.slideshare.net
www.smh.com.au
www.sphinx.at
www.spiegel.de
www.stephanmiller.com
www.stumbleupon.com
www.swarmiq.com
www.taz.de
www.tecnobrat.com
www.ted.com
www.theatlantic.com
www.thefix.com
www.theguardian.com
www.thenetworkthinkers.com
www.theregister.co.uk
www.theverge.com
www.thomas-krenn.com
www.tt.com
www.tumblr.com
www.tutorialspoint.com
www.tuwien.ac.at
www.unwatched.org
www.usecon.com
www.utsandiego.com
www.vanguardnewsnetwork.com
www.vice.com
www.vienna-rss.org
www.vizify.com
www.voez.at
www.vor.at
www.w3schools.com
www.wired.com
www.wiwo.de
www.woot.com
www.worldcat.org
www.youtube.com
www.zeit.de
www3.nd.edu
yasssu.com
yearofmoo-articles.github.io
